This is pdfTeX, Version 3.141592653-2.6-1.40.25 (TeX Live 2023/Debian) (preloaded format=pdflatex 2025.6.12)  12 JUN 2025 19:34
entering extended mode
 restricted \write18 enabled.
 file:line:error style messages enabled.
 %&-line parsing enabled.
**/home/moha7108/repos/PlantPhenomicsAdvancedTechniques/main.tex
(/home/moha7108/repos/PlantPhenomicsAdvancedTechniques/main.tex
LaTeX2e <2023-11-01> patch level 1
L3 programming layer <2024-01-22>
(/usr/share/texlive/texmf-dist/tex/latex/base/article.cls
Document Class: article 2023/05/17 v1.4n Standard LaTeX document class
(/usr/share/texlive/texmf-dist/tex/latex/base/size10.clo
File: size10.clo 2023/05/17 v1.4n Standard LaTeX file (size option)
)
\c@part=\count187
\c@section=\count188
\c@subsection=\count189
\c@subsubsection=\count190
\c@paragraph=\count191
\c@subparagraph=\count192
\c@figure=\count193
\c@table=\count194
\abovecaptionskip=\skip48
\belowcaptionskip=\skip49
\bibindent=\dimen140
) (/usr/share/texlive/texmf-dist/tex/latex/natbib/natbib.sty
Package: natbib 2010/09/13 8.31b (PWD, AO)
\bibhang=\skip50
\bibsep=\skip51
LaTeX Info: Redefining \cite on input line 694.
\c@NAT@ctr=\count195
) (/usr/share/texlive/texmf-dist/tex/latex/base/inputenc.sty
Package: inputenc 2021/02/14 v1.3d Input encoding file
\inpenc@prehook=\toks17
\inpenc@posthook=\toks18
) (/usr/share/texlive/texmf-dist/tex/latex/preprint/authblk.sty
Package: authblk 2001/02/27 1.3 (PWD)
\affilsep=\skip52
\@affilsep=\skip53
\c@Maxaffil=\count196
\c@authors=\count197
\c@affil=\count198
) (/usr/share/texlive/texmf-dist/tex/latex/setspace/setspace.sty
Package: setspace 2022/12/04 v6.7b set line spacing
) (/usr/share/texlive/texmf-dist/tex/latex/geometry/geometry.sty
Package: geometry 2020/01/02 v5.9 Page Geometry
 (/usr/share/texlive/texmf-dist/tex/latex/graphics/keyval.sty
Package: keyval 2022/05/29 v1.15 key=value parser (DPC)
\KV@toks@=\toks19
) (/usr/share/texlive/texmf-dist/tex/generic/iftex/ifvtex.sty
Package: ifvtex 2019/10/25 v1.7 ifvtex legacy package. Use iftex instead.
 (/usr/share/texlive/texmf-dist/tex/generic/iftex/iftex.sty
Package: iftex 2022/02/03 v1.0f TeX engine tests
))
\Gm@cnth=\count199
\Gm@cntv=\count266
\c@Gm@tempcnt=\count267
\Gm@bindingoffset=\dimen141
\Gm@wd@mp=\dimen142
\Gm@odd@mp=\dimen143
\Gm@even@mp=\dimen144
\Gm@layoutwidth=\dimen145
\Gm@layoutheight=\dimen146
\Gm@layouthoffset=\dimen147
\Gm@layoutvoffset=\dimen148
\Gm@dimlist=\toks20
) (/usr/share/texlive/texmf-dist/tex/latex/graphics/graphicx.sty
Package: graphicx 2021/09/16 v1.2d Enhanced LaTeX Graphics (DPC,SPQR)
 (/usr/share/texlive/texmf-dist/tex/latex/graphics/graphics.sty
Package: graphics 2022/03/10 v1.4e Standard LaTeX Graphics (DPC,SPQR)
 (/usr/share/texlive/texmf-dist/tex/latex/graphics/trig.sty
Package: trig 2021/08/11 v1.11 sin cos tan (DPC)
) (/usr/share/texlive/texmf-dist/tex/latex/graphics-cfg/graphics.cfg
File: graphics.cfg 2016/06/04 v1.11 sample graphics configuration
)
Package graphics Info: Driver file: pdftex.def on input line 107.
 (/usr/share/texlive/texmf-dist/tex/latex/graphics-def/pdftex.def
File: pdftex.def 2022/09/22 v1.2b Graphics/color driver for pdftex
))
\Gin@req@height=\dimen149
\Gin@req@width=\dimen150
) (/usr/share/texlive/texmf-dist/tex/latex/caption/subcaption.sty
Package: subcaption 2023/07/28 v1.6b Sub-captions (AR)
 (/usr/share/texlive/texmf-dist/tex/latex/caption/caption.sty
Package: caption 2023/08/05 v3.6o Customizing captions (AR)
 (/usr/share/texlive/texmf-dist/tex/latex/caption/caption3.sty
Package: caption3 2023/07/31 v2.4d caption3 kernel (AR)
\caption@tempdima=\dimen151
\captionmargin=\dimen152
\caption@leftmargin=\dimen153
\caption@rightmargin=\dimen154
\caption@width=\dimen155
\caption@indent=\dimen156
\caption@parindent=\dimen157
\caption@hangindent=\dimen158
Package caption Info: Standard document class detected.
)
\c@caption@flags=\count268
\c@continuedfloat=\count269
)
Package caption Info: New subtype `subfigure' on input line 238.
\c@subfigure=\count270
Package caption Info: New subtype `subtable' on input line 238.
\c@subtable=\count271
) (/usr/share/texlive/texmf-dist/tex/latex/amsmath/amsmath.sty
Package: amsmath 2023/05/13 v2.17o AMS math features
\@mathmargin=\skip54

For additional information on amsmath, use the `?' option.
(/usr/share/texlive/texmf-dist/tex/latex/amsmath/amstext.sty
Package: amstext 2021/08/26 v2.01 AMS text
 (/usr/share/texlive/texmf-dist/tex/latex/amsmath/amsgen.sty
File: amsgen.sty 1999/11/30 v2.0 generic functions
\@emptytoks=\toks21
\ex@=\dimen159
)) (/usr/share/texlive/texmf-dist/tex/latex/amsmath/amsbsy.sty
Package: amsbsy 1999/11/29 v1.2d Bold Symbols
\pmbraise@=\dimen160
) (/usr/share/texlive/texmf-dist/tex/latex/amsmath/amsopn.sty
Package: amsopn 2022/04/08 v2.04 operator names
)
\inf@bad=\count272
LaTeX Info: Redefining \frac on input line 234.
\uproot@=\count273
\leftroot@=\count274
LaTeX Info: Redefining \overline on input line 399.
LaTeX Info: Redefining \colon on input line 410.
\classnum@=\count275
\DOTSCASE@=\count276
LaTeX Info: Redefining \ldots on input line 496.
LaTeX Info: Redefining \dots on input line 499.
LaTeX Info: Redefining \cdots on input line 620.
\Mathstrutbox@=\box51
\strutbox@=\box52
LaTeX Info: Redefining \big on input line 722.
LaTeX Info: Redefining \Big on input line 723.
LaTeX Info: Redefining \bigg on input line 724.
LaTeX Info: Redefining \Bigg on input line 725.
\big@size=\dimen161
LaTeX Font Info:    Redeclaring font encoding OML on input line 743.
LaTeX Font Info:    Redeclaring font encoding OMS on input line 744.
\macc@depth=\count277
LaTeX Info: Redefining \bmod on input line 905.
LaTeX Info: Redefining \pmod on input line 910.
LaTeX Info: Redefining \smash on input line 940.
LaTeX Info: Redefining \relbar on input line 970.
LaTeX Info: Redefining \Relbar on input line 971.
\c@MaxMatrixCols=\count278
\dotsspace@=\muskip16
\c@parentequation=\count279
\dspbrk@lvl=\count280
\tag@help=\toks22
\row@=\count281
\column@=\count282
\maxfields@=\count283
\andhelp@=\toks23
\eqnshift@=\dimen162
\alignsep@=\dimen163
\tagshift@=\dimen164
\tagwidth@=\dimen165
\totwidth@=\dimen166
\lineht@=\dimen167
\@envbody=\toks24
\multlinegap=\skip55
\multlinetaggap=\skip56
\mathdisplay@stack=\toks25
LaTeX Info: Redefining \[ on input line 2953.
LaTeX Info: Redefining \] on input line 2954.
) (/usr/share/texlive/texmf-dist/tex/latex/lineno/lineno.sty
Package: lineno 2023/05/20 line numbers on paragraphs v5.3
 (/usr/share/texlive/texmf-dist/tex/latex/etoolbox/etoolbox.sty
Package: etoolbox 2020/10/05 v2.5k e-TeX tools for LaTeX (JAW)
\etb@tempcnta=\count284
) (/usr/share/texlive/texmf-dist/tex/latex/kvoptions/kvoptions.sty
Package: kvoptions 2022-06-15 v3.15 Key value format for package options (HO)
 (/usr/share/texlive/texmf-dist/tex/generic/ltxcmds/ltxcmds.sty
Package: ltxcmds 2023-12-04 v1.26 LaTeX kernel commands for general use (HO)
) (/usr/share/texlive/texmf-dist/tex/latex/kvsetkeys/kvsetkeys.sty
Package: kvsetkeys 2022-10-05 v1.19 Key value parser (HO)
))
\linenopenalty=\count285
\output=\toks26
\linenoprevgraf=\count286
\linenumbersep=\dimen168
\linenumberwidth=\dimen169
\c@linenumber=\count287
\c@pagewiselinenumber=\count288
\c@LN@truepage=\count289
\c@internallinenumber=\count290
\c@internallinenumbers=\count291
\quotelinenumbersep=\dimen170
\bframerule=\dimen171
\bframesep=\dimen172
\bframebox=\box53
\linenoamsmath@ams@eqpen=\count292
LaTeX Info: Redefining \\ on input line 3180.
) (/usr/share/texlive/texmf-dist/tex/latex/graphics/rotating.sty
Package: rotating 2016/08/11 v2.16d rotated objects in LaTeX
 (/usr/share/texlive/texmf-dist/tex/latex/base/ifthen.sty
Package: ifthen 2022/04/13 v1.1d Standard LaTeX ifthen package (DPC)
)
\c@r@tfl@t=\count293
\rotFPtop=\skip57
\rotFPbot=\skip58
\rot@float@box=\box54
\rot@mess@toks=\toks27
) (/usr/share/texlive/texmf-dist/tex/latex/tools/tabularx.sty
Package: tabularx 2023/07/08 v2.11c `tabularx' package (DPC)
 (/usr/share/texlive/texmf-dist/tex/latex/tools/array.sty
Package: array 2023/10/16 v2.5g Tabular extension package (FMi)
\col@sep=\dimen173
\ar@mcellbox=\box55
\extrarowheight=\dimen174
\NC@list=\toks28
\extratabsurround=\skip59
\backup@length=\skip60
\ar@cellbox=\box56
)
\TX@col@width=\dimen175
\TX@old@table=\dimen176
\TX@old@col=\dimen177
\TX@target=\dimen178
\TX@delta=\dimen179
\TX@cols=\count294
\TX@ftn=\toks29
) (/usr/share/texlive/texmf-dist/tex/latex/booktabs/booktabs.sty
Package: booktabs 2020/01/12 v1.61803398 Publication quality tables
\heavyrulewidth=\dimen180
\lightrulewidth=\dimen181
\cmidrulewidth=\dimen182
\belowrulesep=\dimen183
\belowbottomsep=\dimen184
\aboverulesep=\dimen185
\abovetopsep=\dimen186
\cmidrulesep=\dimen187
\cmidrulekern=\dimen188
\defaultaddspace=\dimen189
\@cmidla=\count295
\@cmidlb=\count296
\@aboverulesep=\dimen190
\@belowrulesep=\dimen191
\@thisruleclass=\count297
\@lastruleclass=\count298
\@thisrulewidth=\dimen192
) (/usr/share/texlive/texmf-dist/tex/latex/algorithms/algorithm.sty
Package: algorithm 2009/08/24 v0.1 Document Style `algorithm' - floating environment
 (/usr/share/texlive/texmf-dist/tex/latex/float/float.sty
Package: float 2001/11/08 v1.3d Float enhancements (AL)
\c@float@type=\count299
\float@exts=\toks30
\float@box=\box57
\@float@everytoks=\toks31
\@floatcapt=\box58
)
\@float@every@algorithm=\toks32
\c@algorithm=\count300
) (/usr/share/texlive/texmf-dist/tex/latex/algorithmicx/algpseudocode.sty
Package: algpseudocode 
 (/usr/share/texlive/texmf-dist/tex/latex/algorithmicx/algorithmicx.sty
Package: algorithmicx 2005/04/27 v1.2 Algorithmicx

Document Style algorithmicx 1.2 - a greatly improved `algorithmic' style
\c@ALG@line=\count301
\c@ALG@rem=\count302
\c@ALG@nested=\count303
\ALG@tlm=\skip61
\ALG@thistlm=\skip62
\c@ALG@Lnr=\count304
\c@ALG@blocknr=\count305
\c@ALG@storecount=\count306
\c@ALG@tmpcounter=\count307
\ALG@tmplength=\skip63
)
Document Style - pseudocode environments for use with the `algorithmicx' style
) (/usr/share/texlive/texmf-dist/tex/latex/threeparttable/threeparttable.sty
Package: threeparttable 2003/06/13  v 3.0
\@tempboxb=\box59
) (/usr/share/texlive/texmf-dist/tex/latex/url/url.sty
\Urlmuskip=\muskip17
Package: url 2013/09/16  ver 3.4  Verb mode for urls, etc.
) (/usr/share/texlive/texmf-dist/tex/latex/doi/doi.sty
Package: doi 2018/09/09 handle doi numbers
 (/usr/share/texlive/texmf-dist/tex/latex/hyperref/hyperref.sty
Package: hyperref 2024-01-20 v7.01h Hypertext links for LaTeX
 (/usr/share/texlive/texmf-dist/tex/generic/kvdefinekeys/kvdefinekeys.sty
Package: kvdefinekeys 2019-12-19 v1.6 Define keys (HO)
) (/usr/share/texlive/texmf-dist/tex/generic/pdfescape/pdfescape.sty
Package: pdfescape 2019/12/09 v1.15 Implements pdfTeX's escape features (HO)
 (/usr/share/texlive/texmf-dist/tex/generic/pdftexcmds/pdftexcmds.sty
Package: pdftexcmds 2020-06-27 v0.33 Utility functions of pdfTeX for LuaTeX (HO)
 (/usr/share/texlive/texmf-dist/tex/generic/infwarerr/infwarerr.sty
Package: infwarerr 2019/12/03 v1.5 Providing info/warning/error messages (HO)
)
Package pdftexcmds Info: \pdf@primitive is available.
Package pdftexcmds Info: \pdf@ifprimitive is available.
Package pdftexcmds Info: \pdfdraftmode found.
)) (/usr/share/texlive/texmf-dist/tex/latex/hycolor/hycolor.sty
Package: hycolor 2020-01-27 v1.10 Color options for hyperref/bookmark (HO)
) (/usr/share/texlive/texmf-dist/tex/latex/auxhook/auxhook.sty
Package: auxhook 2019-12-17 v1.6 Hooks for auxiliary files (HO)
) (/usr/share/texlive/texmf-dist/tex/latex/hyperref/nameref.sty
Package: nameref 2023-11-26 v2.56 Cross-referencing by name of section
 (/usr/share/texlive/texmf-dist/tex/latex/refcount/refcount.sty
Package: refcount 2019/12/15 v3.6 Data extraction from label references (HO)
) (/usr/share/texlive/texmf-dist/tex/generic/gettitlestring/gettitlestring.sty
Package: gettitlestring 2019/12/15 v1.6 Cleanup title references (HO)
)
\c@section@level=\count308
)
\@linkdim=\dimen193
\Hy@linkcounter=\count309
\Hy@pagecounter=\count310
 (/usr/share/texlive/texmf-dist/tex/latex/hyperref/pd1enc.def
File: pd1enc.def 2024-01-20 v7.01h Hyperref: PDFDocEncoding definition (HO)
Now handling font encoding PD1 ...
... no UTF-8 mapping file for font encoding PD1
) (/usr/share/texlive/texmf-dist/tex/generic/intcalc/intcalc.sty
Package: intcalc 2019/12/15 v1.3 Expandable calculations with integers (HO)
)
\Hy@SavedSpaceFactor=\count311
 (/usr/share/texlive/texmf-dist/tex/latex/hyperref/puenc.def
File: puenc.def 2024-01-20 v7.01h Hyperref: PDF Unicode definition (HO)
Now handling font encoding PU ...
... no UTF-8 mapping file for font encoding PU
)
Package hyperref Info: Hyper figures OFF on input line 4179.
Package hyperref Info: Link nesting OFF on input line 4184.
Package hyperref Info: Hyper index ON on input line 4187.
Package hyperref Info: Plain pages OFF on input line 4194.
Package hyperref Info: Backreferencing OFF on input line 4199.
Package hyperref Info: Implicit mode ON; LaTeX internals redefined.
Package hyperref Info: Bookmarks ON on input line 4446.
\c@Hy@tempcnt=\count312
LaTeX Info: Redefining \url on input line 4784.
\XeTeXLinkMargin=\dimen194
 (/usr/share/texlive/texmf-dist/tex/generic/bitset/bitset.sty
Package: bitset 2019/12/09 v1.3 Handle bit-vector datatype (HO)
 (/usr/share/texlive/texmf-dist/tex/generic/bigintcalc/bigintcalc.sty
Package: bigintcalc 2019/12/15 v1.5 Expandable calculations on big integers (HO)
))
\Fld@menulength=\count313
\Field@Width=\dimen195
\Fld@charsize=\dimen196
Package hyperref Info: Hyper figures OFF on input line 6063.
Package hyperref Info: Link nesting OFF on input line 6068.
Package hyperref Info: Hyper index ON on input line 6071.
Package hyperref Info: backreferencing OFF on input line 6078.
Package hyperref Info: Link coloring OFF on input line 6083.
Package hyperref Info: Link coloring with OCG OFF on input line 6088.
Package hyperref Info: PDF/A mode OFF on input line 6093.
 (/usr/share/texlive/texmf-dist/tex/latex/base/atbegshi-ltx.sty
Package: atbegshi-ltx 2021/01/10 v1.0c Emulation of the original atbegshi
package with kernel methods
)
\Hy@abspage=\count314
\c@Item=\count315
\c@Hfootnote=\count316
)
Package hyperref Info: Driver (autodetected): hpdftex.
 (/usr/share/texlive/texmf-dist/tex/latex/hyperref/hpdftex.def
File: hpdftex.def 2024-01-20 v7.01h Hyperref driver for pdfTeX
 (/usr/share/texlive/texmf-dist/tex/latex/base/atveryend-ltx.sty
Package: atveryend-ltx 2020/08/19 v1.0a Emulation of the original atveryend package
with kernel methods
)
\Fld@listcount=\count317
\c@bookmark@seq@number=\count318
 (/usr/share/texlive/texmf-dist/tex/latex/rerunfilecheck/rerunfilecheck.sty
Package: rerunfilecheck 2022-07-10 v1.10 Rerun checks for auxiliary files (HO)
 (/usr/share/texlive/texmf-dist/tex/generic/uniquecounter/uniquecounter.sty
Package: uniquecounter 2019/12/15 v1.4 Provide unlimited unique counter (HO)
)
Package uniquecounter Info: New unique counter `rerunfilecheck' on input line 285.
)
\Hy@SectionHShift=\skip64
)) (/usr/share/texlive/texmf-dist/tex/latex/l3backend/l3backend-pdftex.def
File: l3backend-pdftex.def 2024-01-04 L3 backend support: PDF output (pdfTeX)
\l__color_backend_stack_int=\count319
\l__pdf_internal_box=\box60
) (./main.aux)
\openout1 = `main.aux'.

LaTeX Font Info:    Checking defaults for OML/cmm/m/it on input line 67.
LaTeX Font Info:    ... okay on input line 67.
LaTeX Font Info:    Checking defaults for OMS/cmsy/m/n on input line 67.
LaTeX Font Info:    ... okay on input line 67.
LaTeX Font Info:    Checking defaults for OT1/cmr/m/n on input line 67.
LaTeX Font Info:    ... okay on input line 67.
LaTeX Font Info:    Checking defaults for T1/cmr/m/n on input line 67.
LaTeX Font Info:    ... okay on input line 67.
LaTeX Font Info:    Checking defaults for TS1/cmr/m/n on input line 67.
LaTeX Font Info:    ... okay on input line 67.
LaTeX Font Info:    Checking defaults for OMX/cmex/m/n on input line 67.
LaTeX Font Info:    ... okay on input line 67.
LaTeX Font Info:    Checking defaults for U/cmr/m/n on input line 67.
LaTeX Font Info:    ... okay on input line 67.
LaTeX Font Info:    Checking defaults for PD1/pdf/m/n on input line 67.
LaTeX Font Info:    ... okay on input line 67.
LaTeX Font Info:    Checking defaults for PU/pdf/m/n on input line 67.
LaTeX Font Info:    ... okay on input line 67.

*geometry* driver: auto-detecting
*geometry* detected driver: pdftex
*geometry* verbose mode - [ preamble ] result:
* driver: pdftex
* paper: <default>
* layout: <same size as paper>
* layoutoffset:(h,v)=(0.0pt,0.0pt)
* modes: 
* h-part:(L,W,R)=(90.3375pt, 433.62001pt, 90.3375pt)
* v-part:(T,H,B)=(90.3375pt, 614.295pt, 90.3375pt)
* \paperwidth=614.295pt
* \paperheight=794.96999pt
* \textwidth=433.62001pt
* \textheight=614.295pt
* \oddsidemargin=18.0675pt
* \evensidemargin=18.0675pt
* \topmargin=-18.9325pt
* \headheight=12.0pt
* \headsep=25.0pt
* \topskip=10.0pt
* \footskip=30.0pt
* \marginparwidth=65.0pt
* \marginparsep=11.0pt
* \columnsep=10.0pt
* \skip\footins=9.0pt plus 4.0pt minus 2.0pt
* \hoffset=0.0pt
* \voffset=0.0pt
* \mag=1000
* \@twocolumnfalse
* \@twosidefalse
* \@mparswitchfalse
* \@reversemarginfalse
* (1in=72.27pt=25.4mm, 1cm=28.453pt)

(/usr/share/texlive/texmf-dist/tex/context/base/mkii/supp-pdf.mkii
[Loading MPS to PDF converter (version 2006.09.02).]
\scratchcounter=\count320
\scratchdimen=\dimen197
\scratchbox=\box61
\nofMPsegments=\count321
\nofMParguments=\count322
\everyMPshowfont=\toks33
\MPscratchCnt=\count323
\MPscratchDim=\dimen198
\MPnumerator=\count324
\makeMPintoPDFobject=\count325
\everyMPtoPDFconversion=\toks34
) (/usr/share/texlive/texmf-dist/tex/latex/epstopdf-pkg/epstopdf-base.sty
Package: epstopdf-base 2020-01-24 v2.11 Base part for package epstopdf
Package epstopdf-base Info: Redefining graphics rule for `.eps' on input line 485.
 (/usr/share/texlive/texmf-dist/tex/latex/latexconfig/epstopdf-sys.cfg
File: epstopdf-sys.cfg 2010/07/13 v1.3 Configuration of (r)epstopdf for TeX Live
))
Package caption Info: Begin \AtBeginDocument code.
Package caption Info: float package is loaded.
Package caption Info: hyperref package is loaded.
Package caption Info: rotating package is loaded.
Package caption Info: threeparttable package is loaded.
Package caption Info: End \AtBeginDocument code.
Package hyperref Info: Link coloring OFF on input line 67.
 (./main.out) (./main.out)
\@outlinefile=\write3
\openout3 = `main.out'.

 [1

{/var/lib/texmf/fonts/map/pdftex/updmap/pdftex.map}]
<1_Modeling_Paradigm.pdf, id=164, 688.85358pt x 484.08855pt>
File: 1_Modeling_Paradigm.pdf Graphic file (type pdf)
<use 1_Modeling_Paradigm.pdf>
Package pdftex.def Info: 1_Modeling_Paradigm.pdf  used on input line 95.
(pdftex.def)             Requested size: 433.62001pt x 304.72624pt.
 [2] [3 <./1_Modeling_Paradigm.pdf>]
Overfull \hbox (5.29631pt too wide) in paragraph at lines 116--117
\OT1/cmr/m/n/10 A rig-or-ous screen-ing pro-cess was ap-plied to ar-ti-cles in-dexed within the fol-low-ing pub-li-ca-tion databases;
 []

[4]
<2_Publication_Overview.pdf, id=272, 1356.06625pt x 641.39626pt>
File: 2_Publication_Overview.pdf Graphic file (type pdf)
<use 2_Publication_Overview.pdf>
Package pdftex.def Info: 2_Publication_Overview.pdf  used on input line 120.
(pdftex.def)             Requested size: 433.62001pt x 205.09439pt.
 [5 <./2_Publication_Overview.pdf>]
Underfull \hbox (badness 10000) in paragraph at lines 193--193
[]|\OT1/cmr/m/n/7 Soybean (\OT1/cmr/m/it/7 Glycine max var.
 []


Underfull \hbox (badness 5050) in paragraph at lines 193--193
[]|\OT1/cmr/m/n/7 Segmented plant struc-ture (leaf shape, stem,
 []


Underfull \hbox (badness 10000) in paragraph at lines 193--193
[]|\OT1/cmr/m/n/7 Maize (\OT1/cmr/m/it/7 Zea mays\OT1/cmr/m/n/7 ), Tomato
 []


Underfull \hbox (badness 5050) in paragraph at lines 193--193
[]|\OT1/cmr/m/n/7 Segmented plant struc-ture (leaf shape, stem,
 []


Underfull \hbox (badness 10000) in paragraph at lines 193--193
[]|\OT1/cmr/m/n/7 Maize (\OT1/cmr/m/it/7 Zea mays\OT1/cmr/m/n/7 ), Tomato
 []


Underfull \hbox (badness 10000) in paragraph at lines 193--193
\OT1/cmr/m/n/7 (\OT1/cmr/m/it/7 Solanum ly-cop-er-sicum\OT1/cmr/m/n/7 ), rice
 []


Underfull \hbox (badness 10000) in paragraph at lines 193--193
\OT1/cmr/m/n/7 (Azu-cena, Bala), Ara-bidop-sis
 []


Underfull \hbox (badness 1430) in paragraph at lines 193--193
[]|\OT1/cmr/m/n/7 Uchiyama et al. (KO-
 []


Underfull \hbox (badness 3049) in paragraph at lines 193--193
[]|\OT1/cmr/m/n/7 Komatsuna (\OT1/cmr/m/it/7 Bras-sica rapa var.
 []


Underfull \hbox (badness 1163) in paragraph at lines 193--193
[]|\OT1/cmr/m/n/7 Multi-view RGBD im-ages and an-no-tated masks
 []


Underfull \hbox (badness 10000) in paragraph at lines 193--193
[]|\OT1/cmr/m/n/7 Kierdorf et al.
 []


Underfull \hbox (badness 1412) in paragraph at lines 193--193
[]|\OT1/cmr/m/n/7 Maize (\OT1/cmr/m/it/7 Zea mays L.\OT1/cmr/m/n/7 ), Sorghum
 []


Underfull \hbox (badness 10000) in paragraph at lines 193--193
[]|\OT1/cmr/m/n/7 Thoday-Kennedy et al.
 []


Underfull \hbox (badness 4303) in paragraph at lines 193--193
[]|\OT1/cmr/m/n/7 Safflower (\OT1/cmr/m/it/7 Carthamus tinc-to-rius
 []


Underfull \hbox (badness 10000) in paragraph at lines 193--193
[]|\OT1/cmr/m/n/7 Maize (\OT1/cmr/m/it/7 Zea mays\OT1/cmr/m/n/7 ), Wheat
 []


Underfull \hbox (badness 10000) in paragraph at lines 193--193
[]|\OT1/cmr/m/n/7 General veg-e-ta-tion in Arc-tic
 []


Underfull \hbox (badness 10000) in paragraph at lines 193--193
[]|\OT1/cmr/m/n/7 Plantain (\OT1/cmr/m/it/7 Musa acumi-nata \TS1/cmr/m/it/7 Ö
 []


Underfull \hbox (badness 10000) in paragraph at lines 193--193
[]|\OT1/cmr/m/n/7 Sugarcane (\OT1/cmr/m/it/7 Sac-cha-rum of-fic-i-
 []


Underfull \hbox (badness 1102) in paragraph at lines 193--193
[]|\OT1/cmr/m/n/7 Manjarrez-Sanchez et al.
 []

[6{/usr/share/texmf/fonts/enc/dvips/cm-super/cm-super-ts1.enc}] [7] [8]
<3_hierarchical_reg.pdf, id=437, 1014.6708pt x 716.9184pt>
File: 3_hierarchical_reg.pdf Graphic file (type pdf)
<use 3_hierarchical_reg.pdf>
Package pdftex.def Info: 3_hierarchical_reg.pdf  used on input line 226.
(pdftex.def)             Requested size: 433.62001pt x 306.3764pt.
 [9 <./3_hierarchical_reg.pdf>] [10] [11]
<4_RNN_pipeline.pdf, id=556, 433.62pt x 234.8775pt>
File: 4_RNN_pipeline.pdf Graphic file (type pdf)
<use 4_RNN_pipeline.pdf>
Package pdftex.def Info: 4_RNN_pipeline.pdf  used on input line 269.
(pdftex.def)             Requested size: 368.57965pt x 199.65756pt.
 [12 <./4_RNN_pipeline.pdf>] [13] [14]
<5_Structured_output.pdf, id=616, 461.44395pt x 496.73581pt>
File: 5_Structured_output.pdf Graphic file (type pdf)
<use 5_Structured_output.pdf>
Package pdftex.def Info: 5_Structured_output.pdf  used on input line 322.
(pdftex.def)             Requested size: 303.53267pt x 326.7476pt.
 [15 <./5_Structured_output.pdf>] [16]
Package hyperref Info: bookmark level for unknown algorithm defaults to 0 on input line 341.
<6_lsystems.pdf, id=801, 722.7pt x 361.35pt>
File: 6_lsystems.pdf Graphic file (type pdf)
<use 6_lsystems.pdf>
Package pdftex.def Info: 6_lsystems.pdf  used on input line 364.
(pdftex.def)             Requested size: 433.62001pt x 216.81168pt.
 [17] [18 <./6_lsystems.pdf>]
<7_CRNN.pdf, id=866, 722.7pt x 361.35pt>
File: 7_CRNN.pdf Graphic file (type pdf)
<use 7_CRNN.pdf>
Package pdftex.def Info: 7_CRNN.pdf  used on input line 379.
(pdftex.def)             Requested size: 433.62001pt x 216.81168pt.
 [19 <./7_CRNN.pdf>]
<8_CGM.pdf, id=991, 867.24pt x 433.62pt>
File: 8_CGM.pdf Graphic file (type pdf)
<use 8_CGM.pdf>
Package pdftex.def Info: 8_CGM.pdf  used on input line 395.
(pdftex.def)             Requested size: 433.62001pt x 216.80946pt.
 [20] [21 <./8_CGM.pdf>]
<9_SIPGS.pdf, id=1091, 433.62pt x 180.675pt>
File: 9_SIPGS.pdf Graphic file (type pdf)
<use 9_SIPGS.pdf>
Package pdftex.def Info: 9_SIPGS.pdf  used on input line 407.
(pdftex.def)             Requested size: 433.62001pt x 180.68282pt.
 [22 <./9_SIPGS.pdf>] [23] [24] [25] (./main.bbl
Underfull \hbox (badness 3815) in paragraph at lines 9--14
[]\OT1/cmr/m/n/10 Alisher Mirz-abaev, Lennart Ols-son, Rachel Bezner Kerr, Pra-jal Prad-han, Marta
 []

[26]
Underfull \hbox (badness 1052) in paragraph at lines 108--112
[]\OT1/cmr/m/n/10 Bruno Basso, Lin Liu, and Joe T. Ritchie.  A com-pre-hen-sive re-view of the ceres-
 []

[27] [28] [29] [30] [31] [32]
Underfull \hbox (badness 1515) in paragraph at lines 470--474
[]\OT1/cmr/m/n/10 Dmitrii Shadrin, Ta-tiana Pod-lad-chikova, George Ovchin-nikov, Artem Pavlov, Mariia
 []

[33]
Underfull \hbox (badness 1527) in paragraph at lines 540--544
[]\OT1/cmr/m/n/10 Sriram Para-sur-ama, Darshi Ba-nan, Kyung-dahm Yun, Sharon Doty, and Soo-Hyung
 []

[34]
Underfull \hbox (badness 1097) in paragraph at lines 629--634
[]\OT1/cmr/m/n/10 Shunsuke Saku-rai., Hideaki Uchiyama., At-shushi Shi-mada., and Rin-Ichiro Taniguchi.
 []

[35] [36]) [37] (./main.aux)
 ***********
LaTeX2e <2023-11-01> patch level 1
L3 programming layer <2024-01-22>
 ***********
Package rerunfilecheck Info: File `main.out' has not changed.
(rerunfilecheck)             Checksum: 71946BFEB579B6D20F91AA2EFA4EE832;7238.
 ) 
Here is how much of TeX's memory you used:
 13434 strings out of 474222
 216755 string characters out of 5748733
 1951975 words of memory out of 5000000
 35304 multiletter control sequences out of 15000+600000
 567229 words of font info for 68 fonts, out of 8000000 for 9000
 1141 hyphenation exceptions out of 8191
 84i,14n,93p,2241b,786s stack positions out of 10000i,1000n,20000p,200000b,200000s
</usr/share/texlive/texmf-dist/fonts/type1/public/amsfonts/cm/cmbx10.pfb></usr/share/texlive/texmf-dist/fonts/type1/public/amsfonts/cm/cmbx12.pfb></usr/share/texlive/texmf-dist/fonts/type1/public/amsfonts/cm/cmbx7.pfb></usr/share/texlive/texmf-dist/fonts/type1/public/amsfonts/cm/cmbx9.pfb></usr/share/texlive/texmf-dist/fonts/type1/public/amsfonts/cm/cmex10.pfb></usr/share/texlive/texmf-dist/fonts/type1/public/amsfonts/cm/cmmi10.pfb></usr/share/texlive/texmf-dist/fonts/type1/public/amsfonts/cm/cmmi5.pfb></usr/share/texlive/texmf-dist/fonts/type1/public/amsfonts/cm/cmmi7.pfb></usr/share/texlive/texmf-dist/fonts/type1/public/amsfonts/cm/cmr10.pfb></usr/share/texlive/texmf-dist/fonts/type1/public/amsfonts/cm/cmr12.pfb></usr/share/texlive/texmf-dist/fonts/type1/public/amsfonts/cm/cmr17.pfb></usr/share/texlive/texmf-dist/fonts/type1/public/amsfonts/cm/cmr5.pfb></usr/share/texlive/texmf-dist/fonts/type1/public/amsfonts/cm/cmr7.pfb></usr/share/texlive/texmf-dist/fonts/type1/public/amsfonts/cm/cmr8.pfb></usr/share/texlive/texmf-dist/fonts/type1/public/amsfonts/cm/cmr9.pfb></usr/share/texlive/texmf-dist/fonts/type1/public/amsfonts/cm/cmss8.pfb></usr/share/texlive/texmf-dist/fonts/type1/public/amsfonts/cm/cmsy10.pfb></usr/share/texlive/texmf-dist/fonts/type1/public/amsfonts/cm/cmsy7.pfb></usr/share/texlive/texmf-dist/fonts/type1/public/amsfonts/cm/cmti10.pfb></usr/share/texlive/texmf-dist/fonts/type1/public/amsfonts/cm/cmti7.pfb></usr/share/texlive/texmf-dist/fonts/type1/public/amsfonts/cm/cmtt10.pfb></usr/share/texmf/fonts/type1/public/cm-super/sfrm0700.pfb></usr/share/texmf/fonts/type1/public/cm-super/sfrm1000.pfb></usr/share/texmf/fonts/type1/public/cm-super/sfti0700.pfb>
Output written on main.pdf (37 pages, 3379440 bytes).
PDF statistics:
 1477 PDF objects out of 1728 (max. 8388607)
 1008 compressed objects within 11 object streams
 211 named destinations out of 1000 (max. 500000)
 310 words of extra memory for PDF output out of 10000 (max. 10000000)

